#-----------------------------------------------------------
# Vivado v2018.2.1 (64-bit)
# SW Build 2288692 on Thu Jul 26 18:24:02 MDT 2018
# IP Build 2289599 on Thu Jul 26 21:09:20 MDT 2018
# Start of session at: Wed Feb 23 12:47:16 2022
# Process ID: 10088
# Current directory: X:/BI-SAP/adder_4
# Command line: vivado.exe -gui_launcher_event rodinguilauncherevent12380 X:\BI-SAP\adder_4\scitacka.xpr
# Log file: X:/BI-SAP/adder_4/vivado.log
# Journal file: X:/BI-SAP/adder_4\vivado.jou
#-----------------------------------------------------------
start_gui
open_project X:/BI-SAP/adder_4/scitacka.xpr
update_compile_order -fileset sources_1
open_hw
connect_hw_server
open_hw_target
set_property PROGRAM.FILE {X:/BI-SAP/adder_4/scitacka.runs/impl_1/adder4_vhdl.bit} [get_hw_devices xc7a35t_0]
current_hw_device [get_hw_devices xc7a35t_0]
refresh_hw_device -update_hw_probes false [lindex [get_hw_devices xc7a35t_0] 0]
set_property PROBES.FILE {} [get_hw_devices xc7a35t_0]
set_property FULL_PROBES.FILE {} [get_hw_devices xc7a35t_0]
set_property PROGRAM.FILE {X:/BI-SAP/adder_4/scitacka.runs/impl_1/adder4_vhdl.bit} [get_hw_devices xc7a35t_0]
program_hw_devices [get_hw_devices xc7a35t_0]
refresh_hw_device [lindex [get_hw_devices xc7a35t_0] 0]
open_bd_design {X:/BI-SAP/adder_4/scitacka.srcs/sources_1/bd/adder4/adder4.bd}
